[www.bloodbankindia.net/index.html]
[backblue.gif]
[fade.gif]
[index.html]
[www.bloodbankindia.net/bbi_theme/style.css]
[www.bloodbankindia.net/bbi_theme/images/favicon.png]
[www.google.com/recaptcha/api.js]
[www.bloodbankindia.net/home.html]
[www.bloodbankindia.net/bbi_theme/images/bbi-logo.png]
[www.bloodbankindia.net/donors/forgotpassword.html]
[www.bloodbankindia.net/bbi_theme/js/jquery-1.10.2.min.js]
[www.bloodbankindia.net/aboutus.html]
[www.bloodbankindia.net/donors/register.html]
[www.bloodbankindia.net/information/blooddonationtips.html]
[ajax.aspnetcdn.com/ajax/jquery.validate/1.12.0/jquery.validate.min.js]
[ajax.aspnetcdn.com/ajax/jquery.validate/1.12.0/additional-methods.min.js]
[www.bloodbankindia.net/bbi_theme/images/banner-border.png]
[www.bloodbankindia.net/tools/requestblood.html]
[pagead2.googlesyndication.com/pagead/js/f.txt]
[www.bloodbankindia.net/contactus.html]
[www.bloodbankindia.net/bbi_theme/images/ico-1.png]
[www.bloodbankindia.net/bbi_theme/images/ico-2.png]
[www.bloodbankindia.net/bbi_theme/images/ico-3.png]
[www.bloodbankindia.net/bbi_theme/images/arrow.jpg]
[www.bloodbankindia.net/tools/req/2034.html]
[www.bloodbankindia.net/tools/req/2032.html]
[www.bloodbankindia.net/tools/req/2031.html]
[www.bloodbankindia.net/tools/req/2033.html]
[www.bloodbankindia.net/information/privacypolicy.html]
[www.bloodbankindia.net/bbi_theme/images/fb-footer.png]
[www.bloodbankindia.net/bbi_theme/js/custom.js]
[connect.facebook.net/en_GB/sdk.js]
[www.bloodbankindia.net/bbi_theme/js/plugins.js]
[www.google-analytics.com/analytics.js]
[www.bloodbankindia.net/index.html]
[www.bloodbankindia.net/bbi_theme/font/fontawesome-webfontf77b.eot]
[www.bloodbankindia.net/bbi_theme/font/fontawesome-webfontd41d.eot]
[www.bloodbankindia.net/bbi_theme/font/fontawesome-webfontf77b.woff]
[www.bloodbankindia.net/bbi_theme/font/fontawesome-webfontf77b.ttf]
[www.bloodbankindia.net/bbi_theme/images/fancybox_sprite.png]
[www.bloodbankindia.net/bbi_theme/images/fancybox_loading.gif]
[www.bloodbankindia.net/bbi_theme/images/blank.gif]
[www.bloodbankindia.net/bbi_theme/images/fancybox_sprite@2x.png]
[www.bloodbankindia.net/bbi_theme/images/fancybox_loading@2x.gif]
[www.bloodbankindia.net/bbi_theme/images/select-arrow.png]
[www.bloodbankindia.net/bbi_theme/images/minus-collapse.png]
[www.bloodbankindia.net/bbi_theme/images/plus-collapse.png]
[www.bloodbankindia.net/bbi_theme/images/counter-bg.png]
[www.bloodbankindia.net/bbi_theme/images/open.png]
[www.bloodbankindia.net/bbi_theme/images/close.png]
[www.bloodbankindia.net/bbi_theme/font/HelveticaNeued41d.eot]
[www.bloodbankindia.net/bbi_theme/font/HelveticaNeue.woff]
[www.bloodbankindia.net/bbi_theme/font/HelveticaNeue.ttf]
[www.bloodbankindia.net/bbi_theme/font/HelveticaNeueLTPro-Ltd41d.eot]
[www.bloodbankindia.net/bbi_theme/font/HelveticaNeueLTPro-Lt.otf]
[www.bloodbankindia.net/bbi_theme/font/HelveticaNeueLTPro-Lt.woff]
[www.bloodbankindia.net/bbi_theme/font/HelveticaNeueLTPro-Lt.ttf]
[www.bloodbankindia.net/bbi_theme/font/HelveticaNeue-Boldd41d.eot]
[www.bloodbankindia.net/bbi_theme/font/HelveticaNeue-Bold.woff]
[www.bloodbankindia.net/bbi_theme/font/HelveticaNeue-Bold.ttf]
[www.bloodbankindia.net/bbi_theme/style.css]
[www.bloodbankindia.net/bbi_theme/images/ico/apple-touch-icon-144-precomposed.html]
[www.bloodbankindia.net/bbi_theme/images/ico/apple-touch-icon-114-precomposed.html]
[www.bloodbankindia.net/bbi_theme/images/ico/apple-touch-icon-72-precomposed.html]
[www.bloodbankindia.net/bbi_theme/images/ico/apple-touch-icon-57-precomposed.html]
[www.bloodbankindia.net/home.html]
[www.bloodbankindia.net/donors/forgotpassword.html]
[code.jquery.com/ui/1.11.4/themes/excite-bike/jquery-ui.css]
[www.bloodbankindia.net/information/eligibility.html]
[www.bloodbankindia.net/bbi_theme/images/do.png]
[www.bloodbankindia.net/bbi_theme/images/dont.png]
[www.bloodbankindia.net/donors/register.html]
[www.bloodbankindia.net/bbi_theme/images/logo-about.png]
[www.bloodbankindia.net/aboutus.html]
[www.bloodbankindia.net/tools/requestblood.html]
[www.bloodbankindia.net/information/blooddonationtips.html]
[www.bloodbankindia.net/contactus.html]
[www.bloodbankindia.net/tools/req/2034.html]
[www.bloodbankindia.net/tools/req/2033.html]
[www.bloodbankindia.net/tools/req/2032.html]
[www.bloodbankindia.net/tools/req/2031.html]
[www.bloodbankindia.net/information/privacy_policy.html]
[www.bloodbankindia.net/information/privacypolicy.html]
[connect.facebook.net/en_GB/sdk.js]
[www.bloodbankindia.net/font/fontawesome-webfont_956ab00f.html]
[www.bloodbankindia.net/font/fontawesome-webfont_2d2816fe.html]
[www.bloodbankindia.net/font/fontawesome-webfont_956ab00f-2.html]
[www.bloodbankindia.net/font/fontawesome-webfont_956ab00f-3.html]
[www.bloodbankindia.net/font/fontawesome-webfont_956ab00f-4.html]
[www.bloodbankindia.net/bbi_theme/font/fontawesome-webfont.svg]
[www.bloodbankindia.net/bbi_theme/font/HelveticaNeue.svg]
[www.bloodbankindia.net/bbi_theme/font/HelveticaNeueLTPro-Lt.svg]
[www.bloodbankindia.net/donors/privacy_policy.html]
[www.bloodbankindia.net/bbi_theme/font/HelveticaNeue-Bold.svg]
[code.jquery.com/ui/1.11.4/jquery-ui.js]
[code.jquery.com/ui/1.11.4/themes/excite-bike/images/ui-bg_inset-hard_100_eeeeee_1x100.png]
[code.jquery.com/ui/1.11.4/themes/excite-bike/images/ui-bg_highlight-soft_100_f9f9f9_1x100.png]
[code.jquery.com/ui/1.11.4/themes/excite-bike/images/ui-bg_diagonals-thick_22_1484e6_40x40.png]
[code.jquery.com/ui/1.11.4/themes/excite-bike/images/ui-bg_diagonals-thick_26_2293f7_40x40.png]
[code.jquery.com/ui/1.11.4/themes/excite-bike/images/ui-bg_diagonals-thick_20_e69700_40x40.png]
[code.jquery.com/ui/1.11.4/themes/excite-bike/images/ui-bg_diagonals-small_25_c5ddfc_40x40.png]
[code.jquery.com/ui/1.11.4/themes/excite-bike/images/ui-icons_0a82eb_256x240.png]
[code.jquery.com/ui/1.11.4/themes/excite-bike/images/ui-icons_5fa5e3_256x240.png]
[code.jquery.com/ui/1.11.4/themes/excite-bike/images/ui-icons_fcdd4a_256x240.png]
[code.jquery.com/ui/1.11.4/themes/excite-bike/images/ui-icons_ffffff_256x240.png]
[code.jquery.com/ui/1.11.4/themes/excite-bike/images/ui-icons_0b54d5_256x240.png]
[code.jquery.com/ui/1.11.4/themes/excite-bike/images/ui-bg_flat_0_e6b900_40x100.png]
[code.jquery.com/ui/1.11.4/themes/excite-bike/images/ui-bg_flat_0_e69700_40x100.png]
[code.jquery.com/ui/1.11.4/themes/excite-bike/jquery-ui.css]
[www.bloodbankindia.net/information/eligibility.html]
[www.bloodbankindia.net/donors/privacy_policy.html]
